=== timestamp ===
2026-05-10T03:20:44,317293730+02:00
=== ezkvm status ===
Loading configuration from: 108.yaml
✓ Configuration loaded
Status of VM: wakiza
Status: Running (PID: 9121)
Memory: 16384 MiB
vCPUs: 8
QMP: status=running, running=true
Guest Agent: unavailable (failed reading guest agent response: Resource temporarily unavailable (os error 11))
=== qemu/swtpm processes ===
9095 sudo ./target/debug/ezkvm start 108.yaml
9098 sudo ./target/debug/ezkvm start 108.yaml
9099 ./target/debug/ezkvm start 108.yaml
9117 [swtpm] <defunct>
9119 /usr/bin/swtpm socket --tpm2 --tpmstate backend-uri=file:///dev/vm1/vm-108-tpmstate --ctrl type=unixio,path=/var/run/ezkvm/wakiza.swtpm,mode=0600 --pid file=/var/run/ezkvm/wakiza.swtpm.pid --terminate --log file=/var/log/ezkvm/wakiza-swtpm.log,level=1 --daemon
9121 qemu-system-x86_64 -name wakiza -machine type=pc-q35-8.1,hpet=off -cpu host,hv_ipi,hv_relaxed,hv_reset,hv_runtime,hv_spinlocks=0x1fff,hv_stimer,hv_synic,hv_time,hv_vapic,hv_vendor_id=proxmox,hv_vpindex,kvm=off,+kvm_pv_eoi,+kvm_pv_unhalt -m 16384M -smp 8,sockets=1,cores=8,maxcpus=8 -readconfig /usr/share/ezkvm/ezkvm-q35.cfg -device pvscsi,id=scsihw0,bus=pci.0,addr=0x5 -drive file=/dev/vm1/vm-108-boot,if=none,id=drive-scsi0,format=raw,discard=unmap,cache=none,aio=io_uring,detect-zeroes=unmap -device scsi-hd,drive=drive-scsi0,id=scsi0,bus=scsihw0.0,scsi-id=0,rotation_rate=1,bootindex=100 -drive file=/dev/vm1/vm-108-tmp,if=none,id=drive-scsi1,format=raw,discard=unmap,cache=none,aio=io_uring,detect-zeroes=unmap -device scsi-hd,drive=drive-scsi1,id=scsi1,bus=scsihw0.0,scsi-id=1,rotation_rate=1 -drive if=none,id=drive-ide2,media=cdrom -device ide-cd,drive=drive-ide2,id=ide2,bus=ide.1,unit=0,bootindex=101 -netdev type=bridge,id=net0,br=br0,helper=/usr/lib/qemu/qemu-bridge-helper -device virtio-net-pci,netdev=net0,mac=BC:24:11:3A:21:B7,bus=pci.0,addr=0x12,bootindex=102 -boot menu=on,strict=on,reboot-timeout=1000 -drive if=pflash,unit=0,format=raw,readonly=on,file=/mnt/trixie/usr/share/pve-edk2-firmware/OVMF_CODE_4M.secboot.fd -drive if=pflash,unit=1,id=drive-efidisk0,format=raw,file=/dev/vm1/vm-108-efidisk,size=540672 -chardev socket,id=tpmchar,path=/var/run/ezkvm/wakiza.swtpm -tpmdev emulator,id=tpmdev,chardev=tpmchar -device tpm-tis,tpmdev=tpmdev -device virtio-serial,id=qga0,bus=pci.0,addr=0x8 -chardev socket,path=/var/run/ezkvm/wakiza.qga,server=on,wait=off,id=qga0 -device virtserialport,chardev=qga0,name=org.qemu.guest_agent.0,bus=qga0.0 -device vfio-pci,host=0000:03:00.0,id=hostpci0,bus=ich9-pcie-port-1,addr=0x0.0,multifunction=on -device vfio-pci,host=0000:03:00.1,id=hostpci1,bus=ich9-pcie-port-1,addr=0x0.1 -device qemu-xhci,id=xhci,p2=15,p3=15,bus=pci.1,addr=0x1b -device usb-host,hostbus=1,hostport=2.2,id=usb0,bus=xhci.0,port=1 -spice port=5903,addr=0.0.0.0,disable-ticketing=on -device virtio-serial-pci,id=virtio-serial0,bus=pci.0,addr=0x9 -chardev spicevmc,id=vdagent,name=vdagent -device virtserialport,chardev=vdagent,name=com.redhat.spice.0,bus=virtio-serial0.0 -audiodev spice,id=spice-backend0 -device ich9-intel-hda,id=audiodev0,bus=pci.2,addr=0xc -device hda-micro,id=audiodev0-codec0,bus=audiodev0.0,cad=0,audiodev=spice-backend0 -device hda-duplex,id=audiodev0-codec1,bus=audiodev0.0,cad=1,audiodev=spice-backend0 -device virtio-mouse,bus=pci.0 -device virtio-keyboard,bus=pci.0 -device ivshmem-plain,memdev=ivshmem0,bus=pcie.0,addr=0x8 -object memory-backend-file,id=ivshmem0,share=on,mem-path=/dev/kvmfr0,size=128M -qmp unix:/var/run/ezkvm/wakiza.qmp,server=on,wait=off -smbios type=1,uuid=04d064c3-66a1-4aa7-9589-f8b3ecf91cd7 -device vmgenid,guid=c13b46f3-9743-49f0-92e8-297b9feac497 -pidfile /root/.local/run/ezkvm/wakiza.pid -nodefaults -vga none -nographic -global kvm-pit.lost_tick_policy=discard -global ICH9-LPC.disable_s3=1 -global ICH9-LPC.disable_s4=1 -rtc base=localtime,driftfix=slew -enable-kvm
=== runtime sockets ===
u_str LISTEN 0      1                                 /var/run/ezkvm/wakiza.swtpm 49047            * 0    users:(("swtpm",pid=9119,fd=6))                                                                         
u_str LISTEN 0      1                                   /var/run/ezkvm/wakiza.qga 63063            * 0    users:(("qemu-system-x86",pid=9121,fd=14))                                                              
u_str LISTEN 0      1                                   /var/run/ezkvm/wakiza.qmp 63064            * 0    users:(("qemu-system-x86",pid=9121,fd=15))                                                              
=== qmp status/block ===
{"QMP": {"version": {"qemu": {"micro": 1, "minor": 2, "major": 10}, "package": "Debian 1:10.2.1+ds-1ubuntu4"}, "capabilities": ["oob"]}}
{"return": {}}
{"return": {"status": "running", "running": true}}
{"return": [{"io-status": "ok", "device": "drive-scsi0", "locked": false, "removable": false, "inserted": {"iops_rd": 0, "detect_zeroes": "unmap", "active": true, "image": {"limits": {"request-alignment": 1, "min-mem-alignment": 512, "max-hw-transfer": 131072, "discard-alignment": 65536, "opt-mem-alignment": 4096, "max-iov": 1024, "max-hw-iov": 33}, "virtual-size": 250181844992, "filename": "/dev/vm1/vm-108-boot", "format": "raw", "actual-size": 0, "dirty-flag": false}, "iops_wr": 0, "ro": false, "children": [{"node-name": "#block097", "child": "file"}], "node-name": "#block177", "backing_file_depth": 0, "drv": "raw", "iops": 0, "bps_wr": 0, "write_threshold": 0, "encrypted": false, "bps": 0, "bps_rd": 0, "cache": {"no-flush": false, "direct": true, "writeback": true}, "file": "/dev/vm1/vm-108-boot"}, "qdev": "scsi0", "type": "unknown"}, {"io-status": "ok", "device": "drive-scsi1", "locked": false, "removable": false, "inserted": {"iops_rd": 0, "detect_zeroes": "unmap", "active": true, "image": {"limits": {"request-alignment": 1, "min-mem-alignment": 512, "max-hw-transfer": 131072, "discard-alignment": 65536, "opt-mem-alignment": 4096, "max-iov": 1024, "max-hw-iov": 33}, "virtual-size": 34359738368, "filename": "/dev/vm1/vm-108-tmp", "format": "raw", "actual-size": 0, "dirty-flag": false}, "iops_wr": 0, "ro": false, "children": [{"node-name": "#block206", "child": "file"}], "node-name": "#block387", "backing_file_depth": 0, "drv": "raw", "iops": 0, "bps_wr": 0, "write_threshold": 0, "encrypted": false, "bps": 0, "bps_rd": 0, "cache": {"no-flush": false, "direct": true, "writeback": true}, "file": "/dev/vm1/vm-108-tmp"}, "qdev": "scsi1", "type": "unknown"}, {"io-status": "ok", "device": "drive-ide2", "locked": false, "removable": true, "qdev": "ide2", "tray_open": false, "type": "unknown"}, {"device": "pflash0", "locked": false, "removable": false, "inserted": {"iops_rd": 0, "detect_zeroes": "off", "active": true, "image": {"limits": {"request-alignment": 1, "min-mem-alignment": 1, "opt-mem-alignment": 4096, "max-iov": 1024}, "virtual-size": 3653632, "filename": "/mnt/trixie/usr/share/pve-edk2-firmware/OVMF_CODE_4M.secboot.fd", "format": "raw", "actual-size": 3653632, "dirty-flag": false}, "iops_wr": 0, "ro": true, "children": [{"node-name": "#block487", "child": "file"}], "node-name": "#block564", "backing_file_depth": 0, "drv": "raw", "iops": 0, "bps_wr": 0, "write_threshold": 0, "encrypted": false, "bps": 0, "bps_rd": 0, "cache": {"no-flush": false, "direct": false, "writeback": true}, "file": "/mnt/trixie/usr/share/pve-edk2-firmware/OVMF_CODE_4M.secboot.fd"}, "qdev": "/machine/system.flash0", "type": "unknown"}, {"device": "drive-efidisk0", "locked": false, "removable": false, "inserted": {"iops_rd": 0, "detect_zeroes": "off", "active": true, "image": {"limits": {"request-alignment": 1, "min-mem-alignment": 1, "max-hw-transfer": 131072, "discard-alignment": 65536, "opt-mem-alignment": 4096, "max-iov": 1024, "max-hw-iov": 33}, "virtual-size": 540672, "filename": "json:{\"driver\": \"raw\", \"size\": \"540672\", \"file\": {\"driver\": \"host_device\", \"filename\": \"/dev/vm1/vm-108-efidisk\"}}", "format": "raw", "actual-size": 0, "dirty-flag": false}, "iops_wr": 0, "ro": false, "children": [{"node-name": "#block611", "child": "file"}], "node-name": "#block710", "backing_file_depth": 0, "drv": "raw", "iops": 0, "bps_wr": 0, "write_threshold": 0, "encrypted": false, "bps": 0, "bps_rd": 0, "cache": {"no-flush": false, "direct": false, "writeback": true}, "file": "json:{\"driver\": \"raw\", \"size\": \"540672\", \"file\": {\"driver\": \"host_device\", \"filename\": \"/dev/vm1/vm-108-efidisk\"}}"}, "qdev": "/machine/system.flash1", "type": "unknown"}]}
=== bridge/fdb/mac visibility ===
bc:24:11:3a:21:b7 dev tap0 master br0 
