Data client disconnected
Data client disconnected
Data client disconnected
Data client disconnected
Data client disconnected
Data client disconnected
SWTPM_NVRAM_LinearFile_Open: Could not open file: Permission denied
Error: Could not initialize libtpms.
Error: Could not initialize the TPM
Data client disconnected
Data client disconnected
Data client disconnected
Data client disconnected
Data client disconnected
Data client disconnected
Data client disconnected
Data client disconnected
Data client disconnected
Data client disconnected
Data client disconnected
Data client disconnected
Data client disconnected
Data client disconnected
Data client disconnected
Data client disconnected
Data client disconnected
SWTPM_NVRAM_LinearFile_Open: Could not change mode bits: Operation not permitted
Error: Could not initialize libtpms.
Error: Could not initialize the TPM
Data client disconnected
