Loading configuration from: /home/hurenkam/Workspace/ezkvm/artifacts/phase3/20260508T180911Z-ubuntu-26.04/mixed/mixed.portable.yaml
Warning: Drive path '/var/lib/vm/nested.raw' does not exist
✓ Configuration loaded and validated
✓ Central configuration loaded
✓ Runtime preflight checks passed
Starting VM: fixture-nested
QEMU binary: qemu-system-x86_64
Dry run mode - would execute:
qemu-system-x86_64 \
  -name fixture-nested \
  -machine type=q35,hpet=off,viommu=intel \
  -cpu host,kvm=off,-hypervisor,hidden=1 \
  -m 8192M \
  -smp 8,sockets=1,cores=8,maxcpus=8 \
  -readconfig /usr/share/ezkvm/ezkvm-q35.cfg \
  -device virtio-scsi-pci,id=scsihw0 \
  -drive file=/var/lib/vm/nested.raw,if=none,id=drive-scsi0,format=raw,discard=unmap,cache=none,aio=io_uring,detect-zeroes=unmap \
  -device scsi-hd,drive=drive-scsi0,id=scsi0,bus=scsihw0.0,scsi-id=0 \
  -netdev type=bridge,id=net0,br=vmbr0,helper=/usr/lib/qemu/qemu-bridge-helper \
  -device virtio-net,netdev=net0,mac=52:54:00:65:43:21,bus=pci.0,addr=0x12 \
  -device virtio-gpu,bus=pcie.0,addr=0x1 \
  -boot menu=on,strict=on,reboot-timeout=1000 \
  -drive if=pflash,unit=0,format=raw,readonly=on,file=/mnt/trixie/usr/share/pve-edk2-firmware/OVMF_CODE_4M.fd \
  -device virtio-serial,id=qga0,bus=pci.0,addr=0x8 \
  -chardev socket,path=/var/run/ezkvm/fixture-nested.qga,server=on,wait=off,id=qga0 \
  -device virtserialport,chardev=qga0,name=org.qemu.guest_agent.0,bus=qga0.0 \
  -device intel-iommu,id=iommu0,intremap=on \
  -qmp unix:/var/run/ezkvm/fixture-nested.qmp,server=on,wait=off \
  -pidfile /run/user/1000/ezkvm/fixture-nested.pid \
  -nodefaults \
  -global kvm-pit.lost_tick_policy=discard \
  -enable-kvm
PID file: /run/user/1000/ezkvm/fixture-nested.pid
Capability resolution diagnostics:
  mode: PortableLinux
  runtime_root: source=central-config, value=/var/run/ezkvm
  ovmf_code: source=central-config, value=/mnt/trixie/usr/share/pve-edk2-firmware/OVMF_CODE_4M.fd
  looking_glass_program: mode=Auto, source=unresolved, value=<none>
  network[net0]: mode=BridgeHelper, source=central-config, backend=bridge
